Microchip MPLAB XC8 Compiler V2.32

Linker command line:

-W-3 --edf=C:\Program Files\Microchip\xc8\v2.32\pic\dat\en_msgs.txt -cn \
  -h+dist/default/production\weather-station.production.sym \
  --cmf=dist/default/production\weather-station.production.cmf -z \
  -Q18F25K40 -oC:\Users\A-A-Ron\AppData\Local\Temp\xcAspj4.4 \
  --defsym=__MPLAB_BUILD=1 \
  -Mdist/default/production/weather-station.production.map -E1 \
  -ver=XC8 Compiler --acfsm=1493 -ASTACK=060h-07FFh -pstack=STACK \
  -ACODE=00h-07FFFh -ACONST=00h-07FFFh -ASMALLCONST=0800h-08FFhx120 \
  -AMEDIUMCONST=0800h-07FFFh -ACOMRAM=01h-05Fh -AABS1=00h-07FFh \
  -ABIGRAM=01h-07FFh -ARAM=060h-0FFh,0100h-01FFhx7 -ABANK0=060h-0FFh \
  -ABANK1=0100h-01FFh -ABANK2=0200h-02FFh -ABANK3=0300h-03FFh \
  -ABANK4=0400h-04FFh -ABANK5=0500h-05FFh -ABANK6=0600h-06FFh \
  -ABANK7=0700h-07FFh -ASFR=0EA0h-0EFFhx2,0F60h-0FFFh \
  -ACONFIG=0300000h-030000Bh -AIDLOC=0200000h-020000Fh \
  -AEEDATA=0310000h-03100FFh -peeprom_data=EEDATA \
  -preset_vec=00h,intcode=08h,intcodelo,powerup,init -pramtop=0800h \
  -psmallconst=SMALLCONST -pmediumconst=MEDIUMCONST -pconst=CONST \
  -AFARRAM=00h-00h \
  -prdata=COMRAM,nvrram=COMRAM,nvbit=COMRAM,rbss=COMRAM,rbit=COMRAM \
  -pfarbss=FARRAM,fardata=FARRAM,nvFARRAM=FARRAM \
  -pintsave_regs=BIGRAM,bigbss=BIGRAM,bigdata=BIGRAM -pbss=RAM \
  -pidata=CODE,irdata=CODE,ibigdata=CODE,ifardata=CODE -prparam=COMRAM \
  C:\Users\A-A-Ron\AppData\Local\Temp\xcAspj4.o \
  dist/default/production\weather-station.production.o 

Object code version is 3.11

Machine type is 18F25K40



                Name                               Link     Load   Length Selector   Space Scale
C:\Users\A-A-Ron\AppData\Local\Temp\xcAspj4.o
                idloc                            200000   200000       10        0       5
                config                           300000   300000        C        0       4
                init                                 64       64        4        4       0
                reset_vec                             0        0        4        0       0
dist/default/production\weather-station.production.o
                intcode                               8        8       5C        4       0
                idloc                            200000   200000       10        0       5
                config                           300000   300000        C        0       4
                temp                                 15       15        1        1       1
                smallconst                          800      800        A      400       0
                text24                              AE2      AE2        2      405       0
                text23                              9AC      9AC       2E      405       0
                text22                              AD2      AD2        A      405       0
                text21                              AE0      AE0        2      405       0
                text20                              97E      97E       2E      405       0
                text19                              AC8      AC8        A      405       0
                text17                              86A      86A       50      405       0
                text16                              ABE      ABE        A      405       0
                text15                              AB4      AB4        A      405       0
                text14                              AAA      AAA        A      405       0
                text13                              904      904       3E      405       0
                text12                              AA0      AA0        A      405       0
                text11                              A96      A96        A      405       0
                text10                              A8C      A8C        A      405       0
                text9                               942      942       3C      405       0
                text8                               ADC      ADC        4      405       0
                text7                               A4C      A4C       18      405       0
                text6                               80A      80A       60      405       0
                text5                               A18      A18       1C      405       0
                text4                               9FA      9FA       1E      405       0
                text3                               A34      A34       18      405       0
                text2                               A78      A78       14      405       0
                text1                               8BA      8BA       4A      405       0
                text0                               9DA      9DA       20      405       0
                cstackCOMRAM                          D        D        7        1       1
                bssCOMRAM                            14       14        1        1       1
                cinit                               A64      A64       14      405       0
                nvCOMRAM                              1        1        C        1       1

TOTAL           Name                               Link     Load   Length     Space
        CLASS   STACK          

        CLASS   CODE           
                intcode                               8        8       5C         0
                init                                 64       64        4         0
                reset_vec                             0        0        4         0
                text24                              AE2      AE2        2         0
                text23                              9AC      9AC       2E         0
                text22                              AD2      AD2        A         0
                text21                              AE0      AE0        2         0
                text20                              97E      97E       2E         0
                text19                              AC8      AC8        A         0
                text17                              86A      86A       50         0
                text16                              ABE      ABE        A         0
                text15                              AB4      AB4        A         0
                text14                              AAA      AAA        A         0
                text13                              904      904       3E         0
                text12                              AA0      AA0        A         0
                text11                              A96      A96        A         0
                text10                              A8C      A8C        A         0
                text9                               942      942       3C         0
                text8                               ADC      ADC        4         0
                text7                               A4C      A4C       18         0
                text6                               80A      80A       60         0
                text5                               A18      A18       1C         0
                text4                               9FA      9FA       1E         0
                text3                               A34      A34       18         0
                text2                               A78      A78       14         0
                text1                               8BA      8BA       4A         0
                text0                               9DA      9DA       20         0
                cinit                               A64      A64       14         0

        CLASS   CONST          

        CLASS   SMALLCONST     
                smallconst                          800      800        A         0

        CLASS   MEDIUMCONST    

        CLASS   COMRAM         
                temp                                 15       15        1         1
                cstackCOMRAM                          D        D        7         1
                bssCOMRAM                            14       14        1         1
                nvCOMRAM                              1        1        C         1

        CLASS   ABS1           

        CLASS   BIGRAM         

        CLASS   RAM            

        CLASS   BANK0          

        CLASS   BANK1          

        CLASS   BANK2          

        CLASS   BANK3          

        CLASS   BANK4          

        CLASS   BANK5          

        CLASS   BANK6          

        CLASS   BANK7          

        CLASS   SFR            

        CLASS   CONFIG         
                config                           300000   300000        C         4

        CLASS   IDLOC          
                idloc                            200000   200000       10         5

        CLASS   EEDATA         

        CLASS   FARRAM         



SEGMENTS        Name                           Load    Length   Top    Selector   Space  Class

                reset_vec                      000000  000004  000004         0       0  CODE    
                nvCOMRAM                       000001  000015  000016         1       1  COMRAM  
                intcode                        000008  000060  000068         4       0  CODE    
                smallconst                     000800  00000A  00080A       400       0  SMALLCON
                text6                          00080A  0002DA  000AE4       405       0  CODE    


UNUSED ADDRESS RANGES

        Name                Unused          Largest block    Delta
        BANK0            000060-0000FF               A0
        BANK1            000100-0001FF              100
        BANK2            000200-0002FF              100
        BANK3            000300-0003FF              100
        BANK4            000400-0004FF              100
        BANK5            000500-0005FF              100
        BANK6            000600-0006FF              100
        BANK7            000700-0007FF              100
        BIGRAM           000016-0007FF              7EA
        CODE             000004-000007                4
                         000068-0007FF              798
                         000AE4-007FFF             751C
        COMRAM           000016-00005F               4A
        CONST            000004-000007                4
                         000068-0007FF              798
                         000AE4-007FFF             751C
        EEDATA           310000-3100FF              100
        MEDIUMCONST      000AE4-007FFF             751C
        RAM              000060-0007FF              100
        SFR              000EA0-000FFF               60
        SMALLCONST       000AE4-007FFF              100
        STACK            000060-0007FF              7A0

                                  Symbol Table

EUSART_SetErrorHandler@interruptHandler        cstackCOMRAM 00000F
EUSART_SetFramingErrorHandler@interruptHandler cstackCOMRAM 00000F
EUSART_SetOverrunErrorHandler@interruptHandler cstackCOMRAM 00000F
EUSART_Write@txData                            cstackCOMRAM 00000F
INT0_SetInterruptHandler@InterruptHandler      cstackCOMRAM 00000F
INT1_SetInterruptHandler@InterruptHandler      cstackCOMRAM 00000F
INT2_SetInterruptHandler@InterruptHandler      cstackCOMRAM 00000F
_ADACCH                                        (abs)        000F71
_ADACCL                                        (abs)        000F70
_ADACQ                                         (abs)        000F5C
_ADACT                                         (abs)        000F56
_ADCAP                                         (abs)        000F5D
_ADCC_Initialize                               text17       00086A
_ADCLK                                         (abs)        000F57
_ADCNT                                         (abs)        000F67
_ADCON0                                        (abs)        000F60
_ADCON0bits                                    (abs)        000F60
_ADCON1                                        (abs)        000F59
_ADCON1bits                                    (abs)        000F59
_ADCON2                                        (abs)        000F5A
_ADCON2bits                                    (abs)        000F5A
_ADCON3                                        (abs)        000F5B
_ADCON3bits                                    (abs)        000F5B
_ADERRH                                        (abs)        000F6F
_ADERRL                                        (abs)        000F6E
_ADFLTRH                                       (abs)        000F73
_ADFLTRL                                       (abs)        000F72
_ADLTHH                                        (abs)        000F6B
_ADLTHL                                        (abs)        000F6A
_ADPCH                                         (abs)        000F5F
_ADPRE                                         (abs)        000F5E
_ADPREVH                                       (abs)        000F62
_ADPREVL                                       (abs)        000F61
_ADREF                                         (abs)        000F58
_ADRESH                                        (abs)        000F64
_ADRESL                                        (abs)        000F63
_ADRPT                                         (abs)        000F66
_ADSTAT                                        (abs)        000F65
_ADSTATbits                                    (abs)        000F65
_ADSTPTH                                       (abs)        000F69
_ADSTPTL                                       (abs)        000F68
_ADUTHH                                        (abs)        000F6D
_ADUTHL                                        (abs)        000F6C
_ANSELA                                        (abs)        000F11
_ANSELB                                        (abs)        000F19
_ANSELC                                        (abs)        000F21
_BAUD1CON                                      (abs)        000F9F
_EUSART_DefaultErrorHandler                    (abs)        000000
_EUSART_DefaultFramingErrorHandler             (abs)        000000
_EUSART_DefaultOverrunErrorHandler             (abs)        000000
_EUSART_ErrorHandler                           nvCOMRAM     000001
_EUSART_FramingErrorHandler                    nvCOMRAM     000005
_EUSART_Initialize                             text13       000904
_EUSART_OverrunErrorHandler                    nvCOMRAM     000003
_EUSART_SetErrorHandler                        text16       000ABE
_EUSART_SetFramingErrorHandler                 text15       000AB4
_EUSART_SetOverrunErrorHandler                 text14       000AAA
_EUSART_Write                                  text3        000A34
_EUSART_is_tx_done                             text2        000A78
_EXT_INT_Initialize                            text9        000942
_INLVLA                                        (abs)        000F0D
_INLVLB                                        (abs)        000F15
_INLVLC                                        (abs)        000F1D
_INLVLE                                        (abs)        000F2A
_INT0PPS                                       (abs)        000EA1
_INT0_CallBack                                 text23       0009AC
_INT0_DefaultInterruptHandler                  text24       000AE2
_INT0_ISR                                      text22       000AD2
_INT0_InterruptHandler                         nvCOMRAM     00000B
_INT0_SetInterruptHandler                      text12       000AA0
_INT1PPS                                       (abs)        000EA2
_INT1_CallBack                                 text20       00097E
_INT1_DefaultInterruptHandler                  text21       000AE0
_INT1_ISR                                      text19       000AC8
_INT1_InterruptHandler                         nvCOMRAM     000009
_INT1_SetInterruptHandler                      text11       000A96
_INT2_DefaultInterruptHandler                  (abs)        000000
_INT2_InterruptHandler                         nvCOMRAM     000007
_INT2_SetInterruptHandler                      text10       000A8C
_INTCONbits                                    (abs)        000FF2
_INTERRUPT_Initialize                          text8        000ADC
_INTERRUPT_InterruptManager                    intcode      000008
_LATA                                          (abs)        000F83
_LATB                                          (abs)        000F84
_LATC                                          (abs)        000F85
_NVMADRL                                       (abs)        000F7E
_NVMCON1bits                                   (abs)        000F81
_NVMCON2                                       (abs)        000F82
_NVMDAT                                        (abs)        000F80
_ODCONA                                        (abs)        000F0F
_ODCONB                                        (abs)        000F17
_ODCONC                                        (abs)        000F1F
_OSCCON1                                       (abs)        000ED8
_OSCCON3                                       (abs)        000EDA
_OSCEN                                         (abs)        000EDC
_OSCFRQ                                        (abs)        000EDE
_OSCILLATOR_Initialize                         text7        000A4C
_OSCTUNE                                       (abs)        000EDD
_PIE0bits                                      (abs)        000EC2
_PIN_MANAGER_Initialize                        text6        00080A
_PIR0bits                                      (abs)        000ECA
_PIR3bits                                      (abs)        000ECD
_PIR7bits                                      (abs)        000ED1
_PMD0                                          (abs)        000EE1
_PMD1                                          (abs)        000EE2
_PMD2                                          (abs)        000EE3
_PMD3                                          (abs)        000EE4
_PMD4                                          (abs)        000EE5
_PMD5                                          (abs)        000EE6
_PMD_Initialize                                text5        000A18
_RC1REG                                        (abs)        000F99
_RC1STA                                        (abs)        000F9D
_RC1STAbits                                    (abs)        000F9D
_RC6PPS                                        (abs)        000EFD
_RXPPS                                         (abs)        000EB5
_SLRCONA                                       (abs)        000F0E
_SLRCONB                                       (abs)        000F16
_SLRCONC                                       (abs)        000F1E
_SP1BRGH                                       (abs)        000F9C
_SP1BRGL                                       (abs)        000F9B
_SYSTEM_Initialize                             text4        0009FA
_TABLAT                                        (abs)        000FF5
_TBLPTRH                                       (abs)        000FF7
_TBLPTRL                                       (abs)        000FF6
_TBLPTRU                                       (abs)        000FF8
_TRISA                                         (abs)        000F88
_TRISB                                         (abs)        000F89
_TRISC                                         (abs)        000F8A
_TX1REG                                        (abs)        000F9A
_TX1STA                                        (abs)        000F9E
_TX1STAbits                                    (abs)        000F9E
_WPUA                                          (abs)        000F10
_WPUB                                          (abs)        000F18
_WPUC                                          (abs)        000F20
_WPUE                                          (abs)        000F2D
__HRAM                                         (abs)        000000
__Habs1                                        abs1         000000
__Hbank0                                       bank0        000000
__Hbank1                                       bank1        000000
__Hbank2                                       bank2        000000
__Hbank3                                       bank3        000000
__Hbank4                                       bank4        000000
__Hbank5                                       bank5        000000
__Hbank6                                       bank6        000000
__Hbank7                                       bank7        000000
__Hbigbss                                      bigbss       000000
__Hbigdata                                     bigdata      000000
__Hbigram                                      bigram       000000
__Hbss                                         bss          000000
__HbssCOMRAM                                   bssCOMRAM    000000
__Hcinit                                       cinit        000000
__Hclrtext                                     clrtext      000000
__Hcomram                                      comram       000000
__Hconfig                                      config       30000C
__Hconst                                       const        000000
__HcstackCOMRAM                                cstackCOMRAM 000000
__Hdata                                        data         000000
__Heeprom_data                                 eeprom_data  000000
__Hfarbss                                      farbss       000000
__Hfardata                                     fardata      000000
__Hibigdata                                    ibigdata     000000
__Hidata                                       idata        000000
__Hidloc                                       idloc        200010
__Hifardata                                    ifardata     000000
__Hinit                                        init         000068
__Hintcode                                     intcode      000064
__Hintcode_body                                intcode_body 000000
__Hintcodelo                                   intcodelo    000064
__Hintentry                                    intentry     000000
__Hintret                                      intret       000000
__Hintsave_regs                                intsave_regs 000000
__Hirdata                                      irdata       000000
__Hmediumconst                                 mediumconst  000000
__HnvCOMRAM                                    nvCOMRAM     000000
__HnvFARRAM                                    nvFARRAM     000000
__Hnvbit                                       nvbit        000000
__Hnvrram                                      nvrram       000000
__Hparam                                       rparam       000000
__Hpowerup                                     powerup      000064
__Hram                                         ram          000000
__Hramtop                                      ramtop       000800
__Hrbit                                        rbit         000000
__Hrbss                                        rbss         000000
__Hrdata                                       rdata        000000
__Hreset_vec                                   reset_vec    000004
__Hrparam                                      rparam       000000
__Hsfr                                         sfr          000000
__Hsmallconst                                  smallconst   00080A
__Hspace_0                                     (abs)        000AE4
__Hspace_1                                     (abs)        000016
__Hspace_2                                     (abs)        000000
__Hspace_4                                     (abs)        60000C
__Hstack                                       stack        000000
__Hstruct                                      struct       000000
__Htemp                                        temp         000016
__Htext                                        text         000000
__Htext0                                       text0        000000
__Htext1                                       text1        000000
__Htext10                                      text10       000000
__Htext11                                      text11       000000
__Htext12                                      text12       000000
__Htext13                                      text13       000000
__Htext14                                      text14       000000
__Htext15                                      text15       000000
__Htext16                                      text16       000000
__Htext17                                      text17       000000
__Htext19                                      text19       000000
__Htext2                                       text2        000000
__Htext20                                      text20       000000
__Htext21                                      text21       000000
__Htext22                                      text22       000000
__Htext23                                      text23       000000
__Htext24                                      text24       000000
__Htext25                                      text25       000000
__Htext3                                       text3        000000
__Htext4                                       text4        000000
__Htext5                                       text5        000000
__Htext6                                       text6        000000
__Htext7                                       text7        000000
__Htext8                                       text8        000000
__Htext9                                       text9        000000
__LRAM                                         (abs)        000001
__Labs1                                        abs1         000000
__Lbank0                                       bank0        000000
__Lbank1                                       bank1        000000
__Lbank2                                       bank2        000000
__Lbank3                                       bank3        000000
__Lbank4                                       bank4        000000
__Lbank5                                       bank5        000000
__Lbank6                                       bank6        000000
__Lbank7                                       bank7        000000
__Lbigbss                                      bigbss       000000
__Lbigdata                                     bigdata      000000
__Lbigram                                      bigram       000000
__Lbss                                         bss          000000
__LbssCOMRAM                                   bssCOMRAM    000000
__Lcinit                                       cinit        000000
__Lclrtext                                     clrtext      000000
__Lcomram                                      comram       000000
__Lconfig                                      config       000000
__Lconst                                       const        000000
__LcstackCOMRAM                                cstackCOMRAM 000000
__Ldata                                        data         000000
__Leeprom_data                                 eeprom_data  000000
__Lfarbss                                      farbss       000000
__Lfardata                                     fardata      000000
__Libigdata                                    ibigdata     000000
__Lidata                                       idata        000000
__Lidloc                                       idloc        000000
__Lifardata                                    ifardata     000000
__Linit                                        init         000064
__Lintcode                                     intcode      000008
__Lintcode_body                                intcode_body 000000
__Lintcodelo                                   intcodelo    000064
__Lintentry                                    intentry     000000
__Lintret                                      intret       000000
__Lintsave_regs                                intsave_regs 000000
__Lirdata                                      irdata       000000
__Lmediumconst                                 mediumconst  000000
__LnvCOMRAM                                    nvCOMRAM     000000
__LnvFARRAM                                    nvFARRAM     000000
__Lnvbit                                       nvbit        000000
__Lnvrram                                      nvrram       000000
__Lparam                                       rparam       000000
__Lpowerup                                     powerup      000064
__Lram                                         ram          000000
__Lramtop                                      ramtop       000800
__Lrbit                                        rbit         000000
__Lrbss                                        rbss         000000
__Lrdata                                       rdata        000000
__Lreset_vec                                   reset_vec    000000
__Lrparam                                      rparam       000000
__Lsfr                                         sfr          000000
__Lsmallconst                                  smallconst   000800
__Lspace_0                                     (abs)        000000
__Lspace_1                                     (abs)        000000
__Lspace_2                                     (abs)        000000
__Lspace_4                                     (abs)        000000
__Lstack                                       stack        000000
__Lstruct                                      struct       000000
__Ltemp                                        temp         000015
__Ltext                                        text         000000
__Ltext0                                       text0        000000
__Ltext1                                       text1        000000
__Ltext10                                      text10       000000
__Ltext11                                      text11       000000
__Ltext12                                      text12       000000
__Ltext13                                      text13       000000
__Ltext14                                      text14       000000
__Ltext15                                      text15       000000
__Ltext16                                      text16       000000
__Ltext17                                      text17       000000
__Ltext19                                      text19       000000
__Ltext2                                       text2        000000
__Ltext20                                      text20       000000
__Ltext21                                      text21       000000
__Ltext22                                      text22       000000
__Ltext23                                      text23       000000
__Ltext24                                      text24       000000
__Ltext25                                      text25       000000
__Ltext3                                       text3        000000
__Ltext4                                       text4        000000
__Ltext5                                       text5        000000
__Ltext6                                       text6        000000
__Ltext7                                       text7        000000
__Ltext8                                       text8        000000
__Ltext9                                       text9        000000
__S0                                           (abs)        000AE4
__S1                                           (abs)        000016
__S2                                           (abs)        000000
__S4                                           (abs)        000000
__S5                                           (abs)        000000
___inthi_sp                                    stack        000000
___intlo_sp                                    stack        000000
___param_bank                                  (abs)        000000
___rparam_used                                 (abs)        000001
___sp                                          stack        000000
__accesstop                                    (abs)        000060
__activetblptr                                 (abs)        000002
__end_of_ADCC_Initialize                       text17       0008BA
__end_of_EUSART_Initialize                     text13       000942
__end_of_EUSART_SetErrorHandler                text16       000AC8
__end_of_EUSART_SetFramingErrorHandler         text15       000ABE
__end_of_EUSART_SetOverrunErrorHandler         text14       000AB4
__end_of_EUSART_Write                          text3        000A4C
__end_of_EUSART_is_tx_done                     text2        000A8C
__end_of_EXT_INT_Initialize                    text9        00097E
__end_of_INT0_CallBack                         text23       0009DA
__end_of_INT0_DefaultInterruptHandler          text24       000AE4
__end_of_INT0_ISR                              text22       000ADC
__end_of_INT0_SetInterruptHandler              text12       000AAA
__end_of_INT1_CallBack                         text20       0009AC
__end_of_INT1_DefaultInterruptHandler          text21       000AE2
__end_of_INT1_ISR                              text19       000AD2
__end_of_INT1_SetInterruptHandler              text11       000AA0
__end_of_INT2_SetInterruptHandler              text10       000A96
__end_of_INTERRUPT_Initialize                  text8        000AE0
__end_of_INTERRUPT_InterruptManager            intcode      000064
__end_of_OSCILLATOR_Initialize                 text7        000A64
__end_of_PIN_MANAGER_Initialize                text6        00086A
__end_of_PMD_Initialize                        text5        000A34
__end_of_SYSTEM_Initialize                     text4        000A18
__end_of__initialization                       cinit        000A6A
__end_of_main                                  text0        0009FA
__end_of_sendUartStr                           text1        000904
__initialization                               cinit        000A64
__mediumconst                                  mediumconst  000000
__pbssCOMRAM                                   bssCOMRAM    000014
__pcinit                                       cinit        000A64
__pcstackCOMRAM                                cstackCOMRAM 00000D
__pintcode                                     intcode      000008
__pnvCOMRAM                                    nvCOMRAM     000001
__psmallconst                                  smallconst   000800
__ptext0                                       text0        0009DA
__ptext1                                       text1        0008BA
__ptext10                                      text10       000A8C
__ptext11                                      text11       000A96
__ptext12                                      text12       000AA0
__ptext13                                      text13       000904
__ptext14                                      text14       000AAA
__ptext15                                      text15       000AB4
__ptext16                                      text16       000ABE
__ptext17                                      text17       00086A
__ptext19                                      text19       000AC8
__ptext2                                       text2        000A78
__ptext20                                      text20       00097E
__ptext21                                      text21       000AE0
__ptext22                                      text22       000AD2
__ptext23                                      text23       0009AC
__ptext24                                      text24       000AE2
__ptext25                                      text25       000000
__ptext3                                       text3        000A34
__ptext4                                       text4        0009FA
__ptext5                                       text5        000A18
__ptext6                                       text6        00080A
__ptext7                                       text7        000A4C
__ptext8                                       text8        000ADC
__ptext9                                       text9        000942
__ramtop                                       ramtop       000800
__size_of_ADCC_Initialize                      (abs)        000000
__size_of_EUSART_Initialize                    (abs)        000000
__size_of_EUSART_SetErrorHandler               (abs)        000000
__size_of_EUSART_SetFramingErrorHandler        (abs)        000000
__size_of_EUSART_SetOverrunErrorHandler        (abs)        000000
__size_of_EUSART_Write                         (abs)        000000
__size_of_EUSART_is_tx_done                    (abs)        000000
__size_of_EXT_INT_Initialize                   (abs)        000000
__size_of_INT0_CallBack                        (abs)        000000
__size_of_INT0_DefaultInterruptHandler         (abs)        000000
__size_of_INT0_ISR                             (abs)        000000
__size_of_INT0_SetInterruptHandler             (abs)        000000
__size_of_INT1_CallBack                        (abs)        000000
__size_of_INT1_DefaultInterruptHandler         (abs)        000000
__size_of_INT1_ISR                             (abs)        000000
__size_of_INT1_SetInterruptHandler             (abs)        000000
__size_of_INT2_SetInterruptHandler             (abs)        000000
__size_of_INTERRUPT_Initialize                 (abs)        000000
__size_of_INTERRUPT_InterruptManager           (abs)        000000
__size_of_OSCILLATOR_Initialize                (abs)        000000
__size_of_PIN_MANAGER_Initialize               (abs)        000000
__size_of_PMD_Initialize                       (abs)        000000
__size_of_SYSTEM_Initialize                    (abs)        000000
__size_of_main                                 (abs)        000000
__size_of_sendUartStr                          (abs)        000000
__smallconst                                   smallconst   000800
_eusartRxLastError                             bssCOMRAM    000014
_main                                          text0        0009DA
_sendUartStr                                   text1        0008BA
btemp                                          temp         000015
end_of_initialization                          cinit        000A6A
int$flags                                      temp         000015
intlevel0                                      text         000000
intlevel1                                      text         000000
intlevel2                                      text         000000
intlevel3                                      text         000000
isa$std                                        (abs)        000001
isa$xinst                                      (abs)        000000
main@TestTxData                                cstackCOMRAM 000012
sendUartStr@TxData                             cstackCOMRAM 000010
stackhi                                        (abs)        0007FF
stacklo                                        (abs)        000060
start                                          init         000064
start_initialization                           cinit        000A64
ttemp5                                         temp         000016
ttemp6                                         temp         000019
ttemp7                                         temp         00001D
wtemp8                                         temp         000016


MODULE INFORMATION

Module		Function		Class		Link	Load	Size
mcc_generated_files/interrupt_manager.c
		_INTERRUPT_Initialize		CODE           	0ADC	0000	4
		_INTERRUPT_InterruptManager		CODE           	0008	0000	92

mcc_generated_files/interrupt_manager.c estimated size: 96

mcc_generated_files/pin_manager.c
		_PIN_MANAGER_Initialize		CODE           	080A	0000	96

mcc_generated_files/pin_manager.c estimated size: 96

mcc_generated_files/ext_int.c
		_INT0_SetInterruptHandler		CODE           	0AA0	0000	10
		_INT1_SetInterruptHandler		CODE           	0A96	0000	10
		_EXT_INT_Initialize		CODE           	0942	0000	60
		_INT2_SetInterruptHandler		CODE           	0A8C	0000	10
		_INT0_DefaultInterruptHandler		CODE           	0AE2	0000	2
		_INT0_CallBack 		CODE           	09AC	0000	46
		_INT1_DefaultInterruptHandler		CODE           	0AE0	0000	2
		_INT1_CallBack 		CODE           	097E	0000	46
		_INT0_ISR      		CODE           	0AD2	0000	10
		_INT1_ISR      		CODE           	0AC8	0000	10

mcc_generated_files/ext_int.c estimated size: 206

shared
		__initialization		CODE           	0A64	0000	6

shared estimated size: 6

mcc_generated_files/mcc.c
		_PMD_Initialize		CODE           	0A18	0000	28
		_OSCILLATOR_Initialize		CODE           	0A4C	0000	24
		_SYSTEM_Initialize		CODE           	09FA	0000	30

mcc_generated_files/mcc.c estimated size: 82

mcc_generated_files/eusart.c
		_EUSART_Write  		CODE           	0A34	0000	24
		_EUSART_is_tx_done		CODE           	0A78	0000	20
		_EUSART_Initialize		CODE           	0904	0000	62
		_EUSART_SetFramingErrorHandler		CODE           	0AB4	0000	10
		_EUSART_SetErrorHandler		CODE           	0ABE	0000	10
		_EUSART_SetOverrunErrorHandler		CODE           	0AAA	0000	10

mcc_generated_files/eusart.c estimated size: 136

mcc_generated_files/adcc.c
		_ADCC_Initialize		CODE           	086A	0000	80

mcc_generated_files/adcc.c estimated size: 80

main.c
		_sendUartStr   		CODE           	08BA	0000	74
		_main          		CODE           	09DA	0000	32

main.c estimated size: 106

